08-06 10:51:25.406  3094  3487 E Tracer  : 	at com.google.android.apps.gsa.staticplugins.nga.a.a.br.run(PG:7)
08-06 10:51:25.406  3094  3487 E Tracer  : 	at com.google.android.libraries.gsa.k.a.h.run(PG:2)
08-06 10:51:25.406  3094  3487 E Tracer  : 	at com.google.android.apps.gsa.shared.util.c.a.ce.b(PG:1)
08-06 10:51:25.406  3094  3487 E Tracer  : 	at com.google.android.apps.gsa.shared.util.c.a.ch.run(PG:1)
08-06 10:51:25.406  3094  3487 E Tracer  : 	at com.google.common.util.concurrent.dq.run(PG:4)
08-06 10:51:25.406  3094  3487 E Tracer  : 	... 5 more
08-06 10:51:25.406  3094  3487 E Tracer  : Missing trace
08-06 10:51:25.406  3094  3487 E Tracer  : java.lang.IllegalStateException: Was supposed to have a trace - did you forget to propagate or create one? See this exception's cause for the last place a trace was missing. See http://go/tiktok-tracing for more details.
08-06 10:51:25.406  3094  3487 E Tracer  : 	at com.google.apps.tiktok.tracing.fp.r(PG:6)
08-06 10:51:25.406  3094  3487 E Tracer  : 	at com.google.apps.tiktok.tracing.aj.a(PG:1)
08-06 10:51:25.406  3094  3487 E Tracer  : 	at com.google.android.libraries.storage.protostore.eg.d(PG:1)
08-06 10:51:25.406  3094  3487 E Tracer  : 	at com.google.android.libraries.search.location.a.ak.a(PG:1)
08-06 10:51:25.406  3094  3487 E Tracer  : 	at com.google.android.libraries.search.location.a.bp.b(PG:3)
08-06 10:51:25.406  3094  3487 E Tracer  : 	at com.google.android.libraries.search.location.a.ag.q(PG:1)
08-06 10:51:25.406  3094  3487 E Tracer  : 	at com.google.android.libraries.search.location.a.ag.d(PG:7)
08-06 10:51:25.406  3094  3487 E Tracer  : 	at com.google.android.libraries.search.location.ag.a(PG:3)
08-06 10:51:25.406  3094  3487 E Tracer  : 	at com.google.android.apps.gsa.location.a.f.apply(PG:3)
08-06 10:51:25.406  3094  3487 E Tracer  : 	at com.google.apps.tiktok.tracing.es.apply(PG:2)
08-06 10:51:25.406  3094  3487 E Tracer  : 	at com.google.common.util.concurrent.h.e(PG:2)
08-06 10:51:25.406  3094  3487 E Tracer  : 	at com.google.common.util.concurrent.j.run(PG:9)
08-06 10:51:25.406  3094  3487 E Tracer  : 	at com.google.common.util.concurrent.bg.execute(PG:1)
08-06 10:51:25.406  3094  3487 E Tracer  : 	at com.google.common.util.concurrent.d.i(PG:1)
08-06 10:51:25.406  3094  3487 E Tracer  : 	at com.google.common.util.concurrent.d.l(PG:12)
08-06 10:51:25.406  3094  3487 E Tracer  : 	at com.google.common.util.concurrent.d.n(PG:2)
08-06 10:51:25.406  3094  3487 E Tracer  : 	at com.google.common.util.concurrent.i.f(PG:1)
08-06 10:51:25.406  3094  3487 E Tracer  : 	at com.google.common.util.concurrent.j.run(PG:13)
08-06 10:51:25.406  3094  3487 E Tracer  : 	at com.google.android.libraries.i.af.run(PG:1)
08-06 10:51:25.406  3094  3487 E Tracer  : 	at com.google.android.libraries.i.an.run(PG:23)
08-06 10:51:25.406  3094  3487 E Tracer  : 	at com.google.android.libraries.i.l.run(PG:2)
08-06 10:51:25.406  3094  3487 E Tracer  : 	at com.google.android.libraries.i.q.run(PG:4)
08-06 10:51:25.406  3094  3487 E Tracer  : 	at java.lang.Thread.run(Thread.java:919)
08-06 10:51:25.406  3094  3487 E Tracer  : Caused by: com.google.apps.tiktok.tracing.x
08-06 10:51:25.406  3094  3487 E Tracer  : 	at com.google.apps.tiktok.tracing.an.<init>(PG:3)
08-06 10:51:25.406  3094  3487 E Tracer  : 	at com.google.apps.tiktok.tracing.fp.f(PG:2)
08-06 10:51:25.406  3094  3487 E Tracer  : 	at com.google.apps.tiktok.tracing.ev.f(PG:1)
08-06 10:51:25.406  3094  3487 E Tracer  : 	at com.google.apps.tiktok.tracing.contrib.b.f.i(PG:1)
08-06 10:51:25.406  3094  3487 E Tracer  : 	at com.google.android.apps.gsa.location.a.k.a(PG:3)
08-06 10:51:25.406  3094  3487 E Tracer  : 	at com.google.android.apps.gsa.staticplugins.nga.a.a.br.run(PG:7)
08-06 10:51:25.406  3094  3487 E Tracer  : 	at com.google.android.libraries.gsa.k.a.h.run(PG:2)
08-06 10:51:25.406  3094  3487 E Tracer  : 	at com.google.android.apps.gsa.shared.util.c.a.ce.b(PG:1)
08-06 10:51:25.406  3094  3487 E Tracer  : 	at com.google.android.apps.gsa.shared.util.c.a.ch.run(PG:1)
08-06 10:51:25.406  3094  3487 E Tracer  : 	at com.google.common.util.concurrent.dq.run(PG:4)
08-06 10:51:25.406  3094  3487 E Tracer  : 	... 5 more
08-06 10:51:25.414  9581  9581 D takeScreenshot: Found 3 global views to redraw
08-06 10:51:25.422  1792  2361 E GnssHAL_GnssInterface: gnssSvStatusCb: a: input svInfo.flags is 8
08-06 10:51:25.422  1792  2361 E GnssHAL_GnssInterface: gnssSvStatusCb: b: input svInfo.flags is 8
08-06 10:51:25.476  9581  9697 D RESPONSE_TIME : SEND REQUEST: 378 millis
08-06 10:51:25.511  1793 19155 D gralloc_ranchu: gralloc_alloc: Creating ashmem region of size 638976
08-06 10:51:25.520  1793 19155 I chatty  : uid=1000(system) HwBinder:1793_3 identical 1 line
08-06 10:51:25.521  1793 19155 D gralloc_ranchu: gralloc_alloc: Creating ashmem region of size 638976
08-06 10:51:25.522  9581  9651 D EGL_emulation: eglMakeCurrent: 0x7f797d8f3400: ver 2 0 (tinfo 0x7f7a58dc9f40)
08-06 10:51:25.947  3094  3094 E Tracer  : Missing trace
08-06 10:51:25.947  3094  3094 E Tracer  : java.lang.IllegalStateException: Was supposed to have a trace - did you forget to propagate or create one? See http://go/tiktok-tracing for more details.
08-06 10:51:25.947  3094  3094 E Tracer  : 	at com.google.apps.tiktok.tracing.fp.r(PG:3)
08-06 10:51:25.947  3094  3094 E Tracer  : 	at com.google.apps.tiktok.tracing.fp.u(PG:2)
08-06 10:51:25.947  3094  3094 E Tracer  : 	at com.google.apps.tiktok.tracing.fp.a(PG:2)
08-06 10:51:25.947  3094  3094 E Tracer  : 	at com.google.android.libraries.logging.ve.b.b.i.a(PG:2)
08-06 10:51:25.947  3094  3094 E Tracer  : 	at com.google.android.libraries.logging.ve.b.b.f.run(PG:1)
08-06 10:51:25.947  3094  3094 E Tracer  : 	at android.os.Handler.handleCallback(Handler.java:883)
08-06 10:51:25.947  3094  3094 E Tracer  : 	at android.os.Handler.dispatchMessage(Handler.java:100)
08-06 10:51:25.947  3094  3094 E Tracer  : 	at android.os.Looper.loop(Looper.java:214)
08-06 10:51:25.947  3094  3094 E Tracer  : 	at android.app.ActivityThread.main(ActivityThread.java:7356)
08-06 10:51:25.947  3094  3094 E Tracer  : 	at java.lang.reflect.Method.invoke(Native Method)
08-06 10:51:25.947  3094  3094 E Tracer  : 	at com.android.internal.os.RuntimeInit$MethodAndArgsCaller.run(RuntimeInit.java:492)
08-06 10:51:25.947  3094  3094 E Tracer  : 	at com.android.internal.os.ZygoteInit.main(ZygoteInit.java:930)
08-06 10:51:26.423  1792  2361 E GnssHAL_GnssInterface: gnssSvStatusCb: a: input svInfo.flags is 8
08-06 10:51:26.423  1792  2361 E GnssHAL_GnssInterface: gnssSvStatusCb: b: input svInfo.flags is 8
08-06 10:51:26.427  2999  2999 D BoundBrokerSvc: onUnbind: Intent { act=com.google.android.gms.signin.service.START dat=chimera-action:com.google.android.gms.signin.service.START cmp=com.google.android.gms/.chimera.GmsApiService }
08-06 10:51:27.426  1792  2361 E GnssHAL_GnssInterface: gnssSvStatusCb: a: input svInfo.flags is 8
08-06 10:51:27.426  1792  2361 E GnssHAL_GnssInterface: gnssSvStatusCb: b: input svInfo.flags is 8
08-06 10:51:27.486  9581  9651 D EGL_emulation: eglMakeCurrent: 0x7f797d8f3400: ver 2 0 (tinfo 0x7f7a58dc9f40)
08-06 10:51:28.242  1781  1911 W audio_hw_generic: Not supplying enough data to HAL, expected position 17275747 , only wrote 16933498
08-06 10:51:28.425  1792  2361 E GnssHAL_GnssInterface: gnssSvStatusCb: a: input svInfo.flags is 8
08-06 10:51:28.425  1792  2361 E GnssHAL_GnssInterface: gnssSvStatusCb: b: input svInfo.flags is 8
08-06 10:51:29.426  1792  2361 E GnssHAL_GnssInterface: gnssSvStatusCb: a: input svInfo.flags is 8
08-06 10:51:29.426  1792  2361 E GnssHAL_GnssInterface: gnssSvStatusCb: b: input svInfo.flags is 8
08-06 10:51:29.474  3094  3462 I WorkerManager: dispose()
08-06 10:51:29.474  3094  3462 W A       : (REDACTED) Queue length for executor %s is now %d. Perhaps some tasks are too long, or the pool is too small.
08-06 10:51:30.419  9581  9615 W takeScreenshot: force redraw failed. Proceeding with screenshot
08-06 10:51:30.419  9581  9615 W takeScreenshot: java.util.concurrent.TimeoutException: Waited 5 seconds (plus 1590900 nanoseconds delay) for androidx.concurrent.futures.ResolvableFuture@63f5437[status=PENDING, info=[setFuture=[androidx.test.core.app.ListFuture@e29cda4]]]
08-06 10:51:30.419  9581  9615 W takeScreenshot: 	at androidx.concurrent.futures.AbstractResolvableFuture.get(AbstractResolvableFuture.java:456)
08-06 10:51:30.419  9581  9615 W takeScreenshot: 	at androidx.test.core.app.DeviceCapture.takeScreenshotNoSync(DeviceCapture.kt:106)
08-06 10:51:30.419  9581  9615 W takeScreenshot: 	at androidx.test.espresso.base.DefaultFailureHandler.takeScreenshot(DefaultFailureHandler.java:3)
08-06 10:51:30.419  9581  9615 W takeScreenshot: 	at androidx.test.espresso.base.DefaultFailureHandler.handle(DefaultFailureHandler.java:3)
08-06 10:51:30.419  9581  9615 W takeScreenshot: 	at androidx.test.espresso.ViewInteraction.waitForAndHandleInteractionResults(ViewInteraction.java:8)
08-06 10:51:30.419  9581  9615 W takeScreenshot: 	at androidx.test.espresso.ViewInteraction.check(ViewInteraction.java:12)
08-06 10:51:30.419  9581  9615 W takeScreenshot: 	at com.cpen321.gruwup.RequestTest.requestFromSearch(RequestTest.java:152)
08-06 10:51:30.419  9581  9615 W takeScreenshot: 	at java.lang.reflect.Method.invoke(Native Method)
08-06 10:51:30.419  9581  9615 W takeScreenshot: 	at org.junit.runners.model.FrameworkMethod$1.runReflectiveCall(FrameworkMethod.java:59)
08-06 10:51:30.419  9581  9615 W takeScreenshot: 	at org.junit.internal.runners.model.ReflectiveCallable.run(ReflectiveCallable.java:12)
08-06 10:51:30.419  9581  9615 W takeScreenshot: 	at org.junit.runners.model.FrameworkMethod.invokeExplosively(FrameworkMethod.java:56)
08-06 10:51:30.419  9581  9615 W takeScreenshot: 	at org.junit.internal.runners.statements.InvokeMethod.evaluate(InvokeMethod.java:17)
08-06 10:51:30.419  9581  9615 W takeScreenshot: 	at org.junit.rules.ExternalResource$1.evaluate(ExternalResource.java:54)
08-06 10:51:30.419  9581  9615 W takeScreenshot: 	at org.junit.runners.ParentRunner$3.evaluate(ParentRunner.java:306)
08-06 10:51:30.419  9581  9615 W takeScreenshot: 	at org.junit.runners.BlockJUnit4ClassRunner$1.evaluate(BlockJUnit4ClassRunner.java:100)
08-06 10:51:30.419  9581  9615 W takeScreenshot: 	at org.junit.runners.ParentRunner.runLeaf(ParentRunner.java:366)
08-06 10:51:30.419  9581  9615 W takeScreenshot: 	at org.junit.runners.BlockJUnit4ClassRunner.runChild(BlockJUnit4ClassRunner.java:103)
08-06 10:51:30.419  9581  9615 W takeScreenshot: 	at org.junit.runners.BlockJUnit4ClassRunner.runChild(BlockJUnit4ClassRunner.java:63)
08-06 10:51:30.419  9581  9615 W takeScreenshot: 	at org.junit.runners.ParentRunner$4.run(ParentRunner.java:331)
08-06 10:51:30.419  9581  9615 W takeScreenshot: 	at org.junit.runners.ParentRunner$1.schedule(ParentRunner.java:79)
08-06 10:51:30.419  9581  9615 W takeScreenshot: 	at org.junit.runners.ParentRunner.runChildren(ParentRunner.java:329)
08-06 10:51:30.419  9581  9615 W takeScreenshot: 	at org.junit.runners.ParentRunner.access$100(ParentRunner.java:66)
08-06 10:51:30.419  9581  9615 W takeScreenshot: 	at org.junit.runners.ParentRunner$2.evaluate(ParentRunner.java:293)
08-06 10:51:30.419  9581  9615 W takeScreenshot: 	at org.junit.runners.ParentRunner$3.evaluate(ParentRunner.java:306)
08-06 10:51:30.419  9581  9615 W takeScreenshot: 	at org.junit.runners.ParentRunner.run(ParentRunner.java:413)
08-06 10:51:30.419  9581  9615 W takeScreenshot: 	at androidx.test.ext.junit.runners.AndroidJUnit4.run(AndroidJUnit4.java:162)
08-06 10:51:30.419  9581  9615 W takeScreenshot: 	at org.junit.runners.Suite.runChild(Suite.java:128)
08-06 10:51:30.419  9581  9615 W takeScreenshot: 	at org.junit.runners.Suite.runChild(Suite.java:27)
08-06 10:51:30.419  9581  9615 W takeScreenshot: 	at org.junit.runners.ParentRunner$4.run(ParentRunner.java:331)
08-06 10:51:30.419  9581  9615 W takeScreenshot: 	at org.junit.runners.ParentRunner$1.schedule(ParentRunner.java:79)
08-06 10:51:30.419  9581  9615 W takeScreenshot: 	at org.junit.runners.ParentRunner.runChildren(ParentRunner.java:329)
08-06 10:51:30.419  9581  9615 W takeScreenshot: 	at org.junit.runners.ParentRunner.access$100(ParentRunner.java:66)
08-06 10:51:30.419  9581  9615 W takeScreenshot: 	at org.junit.runners.ParentRunner$2.evaluate(ParentRunner.java:293)
08-06 10:51:30.419  9581  9615 W takeScreenshot: 	at org.junit.runners.ParentRunner$3.evaluate(ParentRunner.java:306)
08-06 10:51:30.419  9581  9615 W takeScreenshot: 	at org.junit.runners.ParentRunner.run(ParentRunner.java:413)
08-06 10:51:30.419  9581  9615 W takeScreenshot: 	at org.junit.runner.JUnitCore.run(JUnitCore.java:137)
08-06 10:51:30.419  9581  9615 W takeScreenshot: 	at org.junit.runner.JUnitCore.run(JUnitCore.java:115)
08-06 10:51:30.419  9581  9615 W takeScreenshot: 	at androidx.test.internal.runner.TestExecutor.execute(TestExecutor.java:67)
08-06 10:51:30.419  9581  9615 W takeScreenshot: 	at androidx.test.internal.runner.TestExecutor.execute(TestExecutor.java:58)
08-06 10:51:30.419  9581  9615 W takeScreenshot: 	at androidx.test.runner.AndroidJUnitRunner.onStart(AndroidJUnitRunner.java:438)
08-06 10:51:30.419  9581  9615 W takeScreenshot: 	at android.app.Instrumentation$InstrumentationThread.run(Instrumentation.java:2189)
08-06 10:51:30.425  1792  2361 E GnssHAL_GnssInterface: gnssSvStatusCb: a: input svInfo.flags is 8
08-06 10:51:30.425  1792  2361 E GnssHAL_GnssInterface: gnssSvStatusCb: b: input svInfo.flags is 8
08-06 10:51:30.443  1793 19155 D gralloc_ranchu: gralloc_alloc: Creating ashmem region of size 9334784
08-06 10:51:30.449  1678  1678 I hwservicemanager: getTransport: Cannot find entry android.hardware.graphics.mapper@3.0::IMapper/default in either framework or device manifest.
08-06 10:51:30.449  9565  9577 W Gralloc3: mapper 3.x is not supported
08-06 10:51:30.457  9565  9577 D HostConnection: createUnique: call
08-06 10:51:30.457  9565  9577 D HostConnection: HostConnection::get() New Host Connection established 0x7e6fb4e091c0, tid 9577
08-06 10:51:30.459  9565  9577 D HostConnection: HostComposition ext ANDROID_EMU_CHECKSUM_HELPER_v1 ANDROID_EMU_dma_v1 ANDROID_EMU_direct_mem ANDROID_EMU_host_composition_v1 ANDROID_EMU_host_composition_v2 ANDROID_EMU_vulkan ANDROID_EMU_deferred_vulkan_commands ANDROID_EMU_vulkan_null_optional_strings ANDROID_EMU_vulkan_create_resources_with_requirements ANDROID_EMU_YUV420_888_to_NV21 ANDROID_EMU_YUV_Cache ANDROID_EMU_vulkan_free_memory_sync ANDROID_EMU_vulkan_shader_float16_int8 ANDROID_EMU_vulkan_async_queue_submit ANDROID_EMU_sync_buffer_data GL_OES_vertex_array_object GL_KHR_texture_compression_astc_ldr ANDROID_EMU_host_side_tracing ANDROID_EMU_gles_max_version_2
08-06 10:51:30.459  9565  9577 D eglCodecCommon: allocate: Ask for block of size 0x1000
08-06 10:51:30.459  9565  9577 D eglCodecCommon: allocate: ioctl allocate returned offset 0x3ff704000 size 0x2000
08-06 10:51:30.464  1823  2041 E SurfaceFlinger: ro.sf.lcd_density must be defined as a build property
08-06 10:51:30.465  1823  1914 E SurfaceFlinger: ro.sf.lcd_density must be defined as a build property
08-06 10:51:30.467  9565  9702 D libEGL  : Emulator has host GPU support, qemu.gles is set to 1.
08-06 10:51:30.474  9565  9702 W libc    : Unable to set property "qemu.gles" to "1": error code: 0x18
08-06 10:51:30.475  9565  9702 D libEGL  : loaded /vendor/lib64/egl/libEGL_emulation.so
08-06 10:51:30.475  9565  9702 D libEGL  : loaded /vendor/lib64/egl/libGLESv1_CM_emulation.so
08-06 10:51:30.476  9565  9702 D libEGL  : loaded /vendor/lib64/egl/libGLESv2_emulation.so
08-06 10:51:30.486  9565  9702 D HostConnection: HostConnection::get() New Host Connection established 0x7e6f23681900, tid 9702
08-06 10:51:30.488  9565  9702 D HostConnection: HostComposition ext ANDROID_EMU_CHECKSUM_HELPER_v1 ANDROID_EMU_dma_v1 ANDROID_EMU_direct_mem ANDROID_EMU_host_composition_v1 ANDROID_EMU_host_composition_v2 ANDROID_EMU_vulkan ANDROID_EMU_deferred_vulkan_commands ANDROID_EMU_vulkan_null_optional_strings ANDROID_EMU_vulkan_create_resources_with_requirements ANDROID_EMU_YUV420_888_to_NV21 ANDROID_EMU_YUV_Cache ANDROID_EMU_vulkan_free_memory_sync ANDROID_EMU_vulkan_shader_float16_int8 ANDROID_EMU_vulkan_async_queue_submit ANDROID_EMU_sync_buffer_data GL_OES_vertex_array_object GL_KHR_texture_compression_astc_ldr ANDROID_EMU_host_side_tracing ANDROID_EMU_gles_max_version_2
08-06 10:51:30.491  9565  9702 W OpenGLRenderer: Failed to choose config with EGL_SWAP_BEHAVIOR_PRESERVED, retrying without...
08-06 10:51:30.504  9565  9702 D eglCodecCommon: setVertexArrayObject: set vao to 0 (0) 0 0
08-06 10:51:30.504  9565  9702 D EGL_emulation: eglCreateContext: 0x7e6f23681a40: maj 2 min 0 rcv 2
08-06 10:51:30.525  9565  9702 D EGL_emulation: eglMakeCurrent: 0x7e6f23681a40: ver 2 0 (tinfo 0x7e6f23618860)
08-06 10:51:30.535  9565  9702 D eglCodecCommon: setVertexArrayObject: set vao to 0 (0) 1 0
08-06 10:51:30.552  9581  9615 W DefaultFailureHandler: Failed to take screenshot
08-06 10:51:30.552  9581  9615 W DefaultFailureHandler: java.io.FileNotFoundException: view-op-error-1.png: open failed: EROFS (Read-only file system)
08-06 10:51:30.552  9581  9615 W DefaultFailureHandler: 	at libcore.io.IoBridge.open(IoBridge.java:496)
08-06 10:51:30.552  9581  9615 W DefaultFailureHandler: 	at java.io.FileOutputStream.<init>(FileOutputStream.java:235)
08-06 10:51:30.552  9581  9615 W DefaultFailureHandler: 	at java.io.FileOutputStream.<init>(FileOutputStream.java:125)
08-06 10:51:30.552  9581  9615 W DefaultFailureHandler: 	at androidx.test.platform.io.FileTestStorage.openOutputFile(FileTestStorage.java:60)
08-06 10:51:30.552  9581  9615 W DefaultFailureHandler: 	at androidx.test.core.graphics.BitmapStorage.writeToTestStorage(BitmapStorageExt.kt:49)
08-06 10:51:30.552  9581  9615 W DefaultFailureHandler: 	at androidx.test.espresso.base.DefaultFailureHandler.takeScreenshot(DefaultFailureHandler.java:4)
08-06 10:51:30.552  9581  9615 W DefaultFailureHandler: 	at androidx.test.espresso.base.DefaultFailureHandler.handle(DefaultFailureHandler.java:3)
08-06 10:51:30.552  9581  9615 W DefaultFailureHandler: 	at androidx.test.espresso.ViewInteraction.waitForAndHandleInteractionResults(ViewInteraction.java:8)
08-06 10:51:30.552  9581  9615 W DefaultFailureHandler: 	at androidx.test.espresso.ViewInteraction.check(ViewInteraction.java:12)
08-06 10:51:30.552  9581  9615 W DefaultFailureHandler: 	at com.cpen321.gruwup.RequestTest.requestFromSearch(RequestTest.java:152)
08-06 10:51:30.552  9581  9615 W DefaultFailureHandler: 	at java.lang.reflect.Method.invoke(Native Method)
08-06 10:51:30.552  9581  9615 W DefaultFailureHandler: 	at org.junit.runners.model.FrameworkMethod$1.runReflectiveCall(FrameworkMethod.java:59)
08-06 10:51:30.552  9581  9615 W DefaultFailureHandler: 	at org.junit.internal.runners.model.ReflectiveCallable.run(ReflectiveCallable.java:12)
08-06 10:51:30.552  9581  9615 W DefaultFailureHandler: 	at org.junit.runners.model.FrameworkMethod.invokeExplosively(FrameworkMethod.java:56)
08-06 10:51:30.552  9581  9615 W DefaultFailureHandler: 	at org.junit.internal.runners.statements.InvokeMethod.evaluate(InvokeMethod.java:17)
08-06 10:51:30.552  9581  9615 W DefaultFailureHandler: 	at org.junit.rules.ExternalResource$1.evaluate(ExternalResource.java:54)
08-06 10:51:30.552  9581  9615 W DefaultFailureHandler: 	at org.junit.runners.ParentRunner$3.evaluate(ParentRunner.java:306)
08-06 10:51:30.552  9581  9615 W DefaultFailureHandler: 	at org.junit.runners.BlockJUnit4ClassRunner$1.evaluate(BlockJUnit4ClassRunner.java:100)
08-06 10:51:30.552  9581  9615 W DefaultFailureHandler: 	at org.junit.runners.ParentRunner.runLeaf(ParentRunner.java:366)
08-06 10:51:30.552  9581  9615 W DefaultFailureHandler: 	at org.junit.runners.BlockJUnit4ClassRunner.runChild(BlockJUnit4ClassRunner.java:103)
08-06 10:51:30.552  9581  9615 W DefaultFailureHandler: 	at org.junit.runners.BlockJUnit4ClassRunner.runChild(BlockJUnit4ClassRunner.java:63)
08-06 10:51:30.552  9581  9615 W DefaultFailureHandler: 	at org.junit.runners.ParentRunner$4.run(ParentRunner.java:331)
08-06 10:51:30.552  9581  9615 W DefaultFailureHandler: 	at org.junit.runners.ParentRunner$1.schedule(ParentRunner.java:79)
08-06 10:51:30.552  9581  9615 W DefaultFailureHandler: 	at org.junit.runners.ParentRunner.runChildren(ParentRunner.java:329)
08-06 10:51:30.552  9581  9615 W DefaultFailureHandler: 	at org.junit.runners.ParentRunner.access$100(ParentRunner.java:66)
08-06 10:51:30.552  9581  9615 W DefaultFailureHandler: 	at org.junit.runners.ParentRunner$2.evaluate(ParentRunner.java:293)
08-06 10:51:30.552  9581  9615 W DefaultFailureHandler: 	at org.junit.runners.ParentRunner$3.evaluate(ParentRunner.java:306)
08-06 10:51:30.552  9581  9615 W DefaultFailureHandler: 	at org.junit.runners.ParentRunner.run(ParentRunner.java:413)
08-06 10:51:30.552  9581  9615 W DefaultFailureHandler: 	at androidx.test.ext.junit.runners.AndroidJUnit4.run(AndroidJUnit4.java:162)
08-06 10:51:30.552  9581  9615 W DefaultFailureHandler: 	at org.junit.runners.Suite.runChild(Suite.java:128)
08-06 10:51:30.552  9581  9615 W DefaultFailureHandler: 	at org.junit.runners.Suite.runChild(Suite.java:27)
08-06 10:51:30.552  9581  9615 W DefaultFailureHandler: 	at org.junit.runners.ParentRunner$4.run(ParentRunner.java:331)
08-06 10:51:30.552  9581  9615 W DefaultFailureHandler: 	at org.junit.runners.ParentRunner$1.schedule(ParentRunner.java:79)
08-06 10:51:30.552  9581  9615 W DefaultFailureHandler: 	at org.junit.runners.ParentRunner.runChildren(ParentRunner.java:329)
08-06 10:51:30.552  9581  9615 W DefaultFailureHandler: 	at org.junit.runners.ParentRunner.access$100(ParentRunner.java:66)
08-06 10:51:30.552  9581  9615 W DefaultFailureHandler: 	at org.junit.runners.ParentRunner$2.evaluate(ParentRunner.java:293)
08-06 10:51:30.552  9581  9615 W DefaultFailureHandler: 	at org.junit.runners.ParentRunner$3.evaluate(ParentRunner.java:306)
08-06 10:51:30.552  9581  9615 W DefaultFailureHandler: 	at org.junit.runners.ParentRunner.run(ParentRunner.java:413)
08-06 10:51:30.552  9581  9615 W DefaultFailureHandler: 	at org.junit.runner.JUnitCore.run(JUnitCore.java:137)
08-06 10:51:30.552  9581  9615 W DefaultFailureHandler: 	at org.junit.runner.JUnitCore.run(JUnitCore.java:115)
08-06 10:51:30.552  9581  9615 W DefaultFailureHandler: 	at androidx.test.internal.runner.TestExecutor.execute(TestExecutor.java:67)
08-06 10:51:30.552  9581  9615 W DefaultFailureHandler: 	at androidx.test.internal.runner.TestExecutor.execute(TestExecutor.java:58)
08-06 10:51:30.552  9581  9615 W DefaultFailureHandler: 	at androidx.test.runner.AndroidJUnitRunner.onStart(AndroidJUnitRunner.java:438)
08-06 10:51:30.552  9581  9615 W DefaultFailureHandler: 	at android.app.Instrumentation$InstrumentationThread.run(Instrumentation.java:2189)
08-06 10:51:30.552  9581  9615 W DefaultFailureHandler: Caused by: android.system.ErrnoException: open failed: EROFS (Read-only file system)
08-06 10:51:30.552  9581  9615 W DefaultFailureHandler: 	at libcore.io.Linux.open(Native Method)
08-06 10:51:30.552  9581  9615 W DefaultFailureHandler: 	at libcore.io.ForwardingOs.open(ForwardingOs.java:167)
08-06 10:51:30.552  9581  9615 W DefaultFailureHandler: 	at libcore.io.BlockGuardOs.open(BlockGuardOs.java:252)
08-06 10:51:30.552  9581  9615 W DefaultFailureHandler: 	at libcore.io.ForwardingOs.open(ForwardingOs.java:167)
08-06 10:51:30.552  9581  9615 W DefaultFailureHandler: 	at android.app.ActivityThread$AndroidOs.open(ActivityThread.java:7255)
08-06 10:51:30.552  9581  9615 W DefaultFailureHandler: 	at libcore.io.IoBridge.open(IoBridge.java:482)
08-06 10:51:30.552  9581  9615 W DefaultFailureHandler: 	... 43 more
08-06 10:51:30.598  9581  9615 W ViewHierarchyExceptionHandler: Failed to save the view hierarchy to file view-hierarchy-1.txt
08-06 10:51:30.598  9581  9615 W ViewHierarchyExceptionHandler: java.io.FileNotFoundException: view-hierarchy-1.txt: open failed: EROFS (Read-only file system)
08-06 10:51:30.598  9581  9615 W ViewHierarchyExceptionHandler: 	at libcore.io.IoBridge.open(IoBridge.java:496)
08-06 10:51:30.598  9581  9615 W ViewHierarchyExceptionHandler: 	at java.io.FileOutputStream.<init>(FileOutputStream.java:235)
08-06 10:51:30.598  9581  9615 W ViewHierarchyExceptionHandler: 	at java.io.FileOutputStream.<init>(FileOutputStream.java:125)
08-06 10:51:30.598  9581  9615 W ViewHierarchyExceptionHandler: 	at androidx.test.platform.io.FileTestStorage.openOutputFile(FileTestStorage.java:60)
08-06 10:51:30.598  9581  9615 W ViewHierarchyExceptionHandler: 	at androidx.test.espresso.base.ViewHierarchyExceptionHandler.addOutputFile(ViewHierarchyExceptionHandler.java:1)
08-06 10:51:30.598  9581  9615 W ViewHierarchyExceptionHandler: 	at androidx.test.espresso.base.ViewHierarchyExceptionHandler.dumpFullViewHierarchyToFile(ViewHierarchyExceptionHandler.java:5)
08-06 10:51:30.598  9581  9615 W ViewHierarchyExceptionHandler: 	at androidx.test.espresso.base.ViewHierarchyExceptionHandler.handleSafely(ViewHierarchyExceptionHandler.java:2)
08-06 10:51:30.598  9581  9615 W ViewHierarchyExceptionHandler: 	at androidx.test.espresso.base.ViewHierarchyExceptionHandler.handleSafely(ViewHierarchyExceptionHandler.java:1)
08-06 10:51:30.598  9581  9615 W ViewHierarchyExceptionHandler: 	at androidx.test.espresso.base.DefaultFailureHandler$TypedFailureHandler.handle(DefaultFailureHandler.java:4)
08-06 10:51:30.598  9581  9615 W ViewHierarchyExceptionHandler: 	at androidx.test.espresso.base.DefaultFailureHandler.handle(DefaultFailureHandler.java:5)
08-06 10:51:30.598  9581  9615 W ViewHierarchyExceptionHandler: 	at androidx.test.espresso.ViewInteraction.waitForAndHandleInteractionResults(ViewInteraction.java:8)
08-06 10:51:30.598  9581  9615 W ViewHierarchyExceptionHandler: 	at androidx.test.espresso.ViewInteraction.check(ViewInteraction.java:12)
08-06 10:51:30.598  9581  9615 W ViewHierarchyExceptionHandler: 	at com.cpen321.gruwup.RequestTest.requestFromSearch(RequestTest.java:152)
08-06 10:51:30.598  9581  9615 W ViewHierarchyExceptionHandler: 	at java.lang.reflect.Method.invoke(Native Method)
08-06 10:51:30.598  9581  9615 W ViewHierarchyExceptionHandler: 	at org.junit.runners.model.FrameworkMethod$1.runReflectiveCall(FrameworkMethod.java:59)
08-06 10:51:30.598  9581  9615 W ViewHierarchyExceptionHandler: 	at org.junit.internal.runners.model.ReflectiveCallable.run(ReflectiveCallable.java:12)
08-06 10:51:30.598  9581  9615 W ViewHierarchyExceptionHandler: 	at org.junit.runners.model.FrameworkMethod.invokeExplosively(FrameworkMethod.java:56)
08-06 10:51:30.598  9581  9615 W ViewHierarchyExceptionHandler: 	at org.junit.internal.runners.statements.InvokeMethod.evaluate(InvokeMethod.java:17)
08-06 10:51:30.598  9581  9615 W ViewHierarchyExceptionHandler: 	at org.junit.rules.ExternalResource$1.evaluate(ExternalResource.java:54)
08-06 10:51:30.598  9581  9615 W ViewHierarchyExceptionHandler: 	at org.junit.runners.ParentRunner$3.evaluate(ParentRunner.java:306)
08-06 10:51:30.598  9581  9615 W ViewHierarchyExceptionHandler: 	at org.junit.runners.BlockJUnit4ClassRunner$1.evaluate(BlockJUnit4ClassRunner.java:100)
08-06 10:51:30.598  9581  9615 W ViewHierarchyExceptionHandler: 	at org.junit.runners.ParentRunner.runLeaf(ParentRunner.java:366)
08-06 10:51:30.598  9581  9615 W ViewHierarchyExceptionHandler: 	at org.junit.runners.BlockJUnit4ClassRunner.runChild(BlockJUnit4ClassRunner.java:103)
08-06 10:51:30.598  9581  9615 W ViewHierarchyExceptionHandler: 	at org.junit.runners.BlockJUnit4ClassRunner.runChild(BlockJUnit4ClassRunner.java:63)
08-06 10:51:30.598  9581  9615 W ViewHierarchyExceptionHandler: 	at org.junit.runners.ParentRunner$4.run(ParentRunner.java:331)
08-06 10:51:30.598  9581  9615 W ViewHierarchyExceptionHandler: 	at org.junit.runners.ParentRunner$1.schedule(ParentRunner.java:79)
08-06 10:51:30.598  9581  9615 W ViewHierarchyExceptionHandler: 	at org.junit.runners.ParentRunner.runChildren(ParentRunner.java:329)
08-06 10:51:30.598  9581  9615 W ViewHierarchyExceptionHandler: 	at org.junit.runners.ParentRunner.access$100(ParentRunner.java:66)
08-06 10:51:30.598  9581  9615 W ViewHierarchyExceptionHandler: 	at org.junit.runners.ParentRunner$2.evaluate(ParentRunner.java:293)
08-06 10:51:30.598  9581  9615 W ViewHierarchyExceptionHandler: 	at org.junit.runners.ParentRunner$3.evaluate(ParentRunner.java:306)
08-06 10:51:30.598  9581  9615 W ViewHierarchyExceptionHandler: 	at org.junit.runners.ParentRunner.run(ParentRunner.java:413)
08-06 10:51:30.598  9581  9615 W ViewHierarchyExceptionHandler: 	at androidx.test.ext.junit.runners.AndroidJUnit4.run(AndroidJUnit4.java:162)
08-06 10:51:30.598  9581  9615 W ViewHierarchyExceptionHandler: 	at org.junit.runners.Suite.runChild(Suite.java:128)
08-06 10:51:30.598  9581  9615 W ViewHierarchyExceptionHandler: 	at org.junit.runners.Suite.runChild(Suite.java:27)
08-06 10:51:30.598  9581  9615 W ViewHierarchyExceptionHandler: 	at org.junit.runners.ParentRunner$4.run(ParentRunner.java:331)
08-06 10:51:30.598  9581  9615 W ViewHierarchyExceptionHandler: 	at org.junit.runners.ParentRunner$1.schedule(ParentRunner.java:79)
08-06 10:51:30.598  9581  9615 W ViewHierarchyExceptionHandler: 	at org.junit.runners.ParentRunner.runChildren(ParentRunner.java:329)
08-06 10:51:30.598  9581  9615 W ViewHierarchyExceptionHandler: 	at org.junit.runners.ParentRunner.access$100(ParentRunner.java:66)
08-06 10:51:30.598  9581  9615 W ViewHierarchyExceptionHandler: 	at org.junit.runners.ParentRunner$2.evaluate(ParentRunner.java:293)
08-06 10:51:30.598  9581  9615 W ViewHierarchyExceptionHandler: 	at org.junit.runners.ParentRunner$3.evaluate(ParentRunner.java:306)
08-06 10:51:30.598  9581  9615 W ViewHierarchyExceptionHandler: 	at org.junit.runners.ParentRunner.run(ParentRunner.java:413)
08-06 10:51:30.598  9581  9615 W ViewHierarchyExceptionHandler: 	at org.junit.runner.JUnitCore.run(JUnitCore.java:137)
08-06 10:51:30.598  9581  9615 W ViewHierarchyExceptionHandler: 	at org.junit.runner.JUnitCore.run(JUnitCore.java:115)
08-06 10:51:30.598  9581  9615 W ViewHierarchyExceptionHandler: 	at androidx.test.internal.runner.TestExecutor.execute(TestExecutor.java:67)
08-06 10:51:30.598  9581  9615 W ViewHierarchyExceptionHandler: 	at androidx.test.internal.runner.TestExecutor.execute(TestExecutor.java:58)
08-06 10:51:30.598  9581  9615 W ViewHierarchyExceptionHandler: 	at androidx.test.runner.AndroidJUnitRunner.onStart(AndroidJUnitRunner.java:438)
08-06 10:51:30.598  9581  9615 W ViewHierarchyExceptionHandler: 	at android.app.Instrumentation$InstrumentationThread.run(Instrumentation.java:2189)
08-06 10:51:30.598  9581  9615 W ViewHierarchyExceptionHandler: Caused by: android.system.ErrnoException: open failed: EROFS (Read-only file system)
08-06 10:51:30.598  9581  9615 W ViewHierarchyExceptionHandler: 	at libcore.io.Linux.open(Native Method)
08-06 10:51:30.598  9581  9615 W ViewHierarchyExceptionHandler: 	at libcore.io.ForwardingOs.open(ForwardingOs.java:167)
08-06 10:51:30.598  9581  9615 W ViewHierarchyExceptionHandler: 	at libcore.io.BlockGuardOs.open(BlockGuardOs.java:252)
08-06 10:51:30.599  9581  9615 W ViewHierarchyExceptionHandler: 	at libcore.io.ForwardingOs.open(ForwardingOs.java:167)
08-06 10:51:30.599  9581  9615 W ViewHierarchyExceptionHandler: 	at android.app.ActivityThread$AndroidOs.open(ActivityThread.java:7255)
08-06 10:51:30.599  9581  9615 W ViewHierarchyExceptionHandler: 	at libcore.io.IoBridge.open(IoBridge.java:482)
08-06 10:51:30.599  9581  9615 W ViewHierarchyExceptionHandler: 	... 46 more
08-06 10:51:30.599  9581  9615 W FileTestStorage: Test input args is not supported.
08-06 10:51:30.645  9581  9581 D LifecycleMonitor: Lifecycle status change: com.cpen321.gruwup.MainActivity@53b2e6a in: PAUSED
08-06 10:51:30.645  9581  9581 V ActivityScenario: Activity lifecycle changed event received but ignored because the intent does not match. startActivityIntent=Intent { act=android.intent.action.MAIN cat=[android.intent.category.LAUNCHER] cmp=com.cpen321.gruwup/.LogInActivity }, activity.getIntent()=Intent { cmp=com.cpen321.gruwup/.MainActivity (has extras) }, activity=com.cpen321.gruwup.MainActivity@53b2e6a
08-06 10:51:30.646  2080  5038 W InputReader: Device has associated, but no associated display id.
08-06 10:51:30.649  2080  5038 I chatty  : uid=1000(system) Binder:2080_18 identical 48 lines
08-06 10:51:30.649  2080  5038 W InputReader: Device has associated, but no associated display id.
08-06 10:51:30.650  9617  9617 W ActivityThread: handleWindowVisibility: no activity for token android.os.BinderProxy@264f2ff
08-06 10:51:30.652  2080  2108 E memtrack: Couldn't load memtrack module
08-06 10:51:30.652  2080  2108 W android.os.Debug: failed to get memory consumption info: -1
08-06 10:51:30.670  9581  9651 D EGL_emulation: eglMakeCurrent: 0x7f797d8f3400: ver 2 0 (tinfo 0x7f7a58dc9f40)
08-06 10:51:30.678  9581  9581 D LifecycleMonitor: Lifecycle status change: com.cpen321.gruwup.LogInActivity@1aa7232 in: DESTROYED
08-06 10:51:30.678  9581  9581 V ActivityScenario: Update currentActivityStage to DESTROYED, currentActivity=null
08-06 10:51:30.683  9581  9594 I .cpen321.gruwu: NativeAlloc concurrent copying GC freed 43403(3576KB) AllocSpace objects, 81(6440KB) LOS objects, 46% free, 7006KB/12MB, paused 818us total 132.208ms
08-06 10:51:30.702  9617  9648 D HostConnection: HostConnection::get() New Host Connection established 0x7f79c7900c60, tid 9648
08-06 10:51:30.704  9617  9648 D HostConnection: HostComposition ext ANDROID_EMU_CHECKSUM_HELPER_v1 ANDROID_EMU_dma_v1 ANDROID_EMU_direct_mem ANDROID_EMU_host_composition_v1 ANDROID_EMU_host_composition_v2 ANDROID_EMU_vulkan ANDROID_EMU_deferred_vulkan_commands ANDROID_EMU_vulkan_null_optional_strings ANDROID_EMU_vulkan_create_resources_with_requirements ANDROID_EMU_YUV420_888_to_NV21 ANDROID_EMU_YUV_Cache ANDROID_EMU_vulkan_free_memory_sync ANDROID_EMU_vulkan_shader_float16_int8 ANDROID_EMU_vulkan_async_queue_submit ANDROID_EMU_sync_buffer_data GL_OES_vertex_array_object GL_KHR_texture_compression_astc_ldr ANDROID_EMU_host_side_tracing ANDROID_EMU_gles_max_version_2
08-06 10:51:30.708  9617  9648 W OpenGLRenderer: Failed to choose config with EGL_SWAP_BEHAVIOR_PRESERVED, retrying without...
08-06 10:51:30.721  9617  9648 D eglCodecCommon: setVertexArrayObject: set vao to 0 (0) 0 0
08-06 10:51:30.721  9617  9648 D EGL_emulation: eglCreateContext: 0x7f79c7900e40: maj 2 min 0 rcv 2
08-06 10:51:30.747  9617  9648 D EGL_emulation: eglMakeCurrent: 0x7f79c7900e40: ver 2 0 (tinfo 0x7f79c77d9700)
08-06 10:51:30.754  1793 19155 D gralloc_ranchu: gralloc_alloc: Creating ashmem region of size 9334784
08-06 10:51:30.757  1678  1678 I hwservicemanager: getTransport: Cannot find entry android.hardware.graphics.mapper@3.0::IMapper/default in either framework or device manifest.
08-06 10:51:30.757  9617  9648 W Gralloc3: mapper 3.x is not supported
08-06 10:51:30.759  9617  9648 D HostConnection: createUnique: call
08-06 10:51:30.760  9617  9648 D HostConnection: HostConnection::get() New Host Connection established 0x7f79c7900f80, tid 9648
08-06 10:51:30.763  9617  9648 D HostConnection: HostComposition ext ANDROID_EMU_CHECKSUM_HELPER_v1 ANDROID_EMU_dma_v1 ANDROID_EMU_direct_mem ANDROID_EMU_host_composition_v1 ANDROID_EMU_host_composition_v2 ANDROID_EMU_vulkan ANDROID_EMU_deferred_vulkan_commands ANDROID_EMU_vulkan_null_optional_strings ANDROID_EMU_vulkan_create_resources_with_requirements ANDROID_EMU_YUV420_888_to_NV21 ANDROID_EMU_YUV_Cache ANDROID_EMU_vulkan_free_memory_sync ANDROID_EMU_vulkan_shader_float16_int8 ANDROID_EMU_vulkan_async_queue_submit ANDROID_EMU_sync_buffer_data GL_OES_vertex_array_object GL_KHR_texture_compression_astc_ldr ANDROID_EMU_host_side_tracing ANDROID_EMU_gles_max_version_2
08-06 10:51:30.764  9617  9648 D eglCodecCommon: allocate: Ask for block of size 0x1000
08-06 10:51:30.764  9617  9648 D eglCodecCommon: allocate: ioctl allocate returned offset 0x3ff702000 size 0x2000
08-06 10:51:30.766  1793 19155 D gralloc_ranchu: gralloc_alloc: Creating ashmem region of size 9334784
08-06 10:51:30.768  1793 19155 D gralloc_ranchu: gralloc_alloc: Creating ashmem region of size 9334784
08-06 10:51:30.770  9617  9648 D EGL_emulation: eglMakeCurrent: 0x7f79c7900e40: ver 2 0 (tinfo 0x7f79c77d9700)
08-06 10:51:30.771  9617  9648 D eglCodecCommon: setVertexArrayObject: set vao to 0 (0) 1 0
08-06 10:51:30.832  2080  2462 W InputReader: Device has associated, but no associated display id.
08-06 10:51:30.836  2080  2462 I chatty  : uid=1000(system) Binder:2080_8 identical 48 lines
08-06 10:51:30.836  2080  2462 W InputReader: Device has associated, but no associated display id.
08-06 10:51:30.843  9617  9617 W ActivityThread: handleWindowVisibility: no activity for token android.os.BinderProxy@7b08cfc
08-06 10:51:30.865  9581  9615 I TestRunner: finished: requestFromSearch(com.cpen321.gruwup.RequestTest)
