08-06 10:51:31.607  9581  9581 V ActivityScenario: Activity lifecycle changed event received but ignored because the intent does not match. startActivityIntent=Intent { act=android.intent.action.MAIN cat=[android.intent.category.LAUNCHER] cmp=com.cpen321.gruwup/.LogInActivity }, activity.getIntent()=Intent { act=com.google.android.gms.auth.GOOGLE_SIGN_IN flg=0x800000 pkg=com.cpen321.gruwup cmp=com.cpen321.gruwup/com.google.android.gms.auth.api.signin.internal.SignInHubActivity (has extras) }, activity=com.google.android.gms.auth.api.signin.internal.SignInHubActivity@f3f5a8c
08-06 10:51:31.614  9581  9581 D LifecycleMonitor: Lifecycle status change: com.google.android.gms.auth.api.signin.internal.SignInHubActivity@f3f5a8c in: STARTED
08-06 10:51:31.615  9581  9581 V ActivityScenario: Activity lifecycle changed event received but ignored because the intent does not match. startActivityIntent=Intent { act=android.intent.action.MAIN cat=[android.intent.category.LAUNCHER] cmp=com.cpen321.gruwup/.LogInActivity }, activity.getIntent()=Intent { act=com.google.android.gms.auth.GOOGLE_SIGN_IN flg=0x800000 pkg=com.cpen321.gruwup cmp=com.cpen321.gruwup/com.google.android.gms.auth.api.signin.internal.SignInHubActivity (has extras) }, activity=com.google.android.gms.auth.api.signin.internal.SignInHubActivity@f3f5a8c
08-06 10:51:31.616  9581  9581 D LifecycleMonitor: Lifecycle status change: com.google.android.gms.auth.api.signin.internal.SignInHubActivity@f3f5a8c in: RESUMED
08-06 10:51:31.616  2080  2092 I system_server: NativeAlloc concurrent copying GC freed 40781(2726KB) AllocSpace objects, 1(20KB) LOS objects, 19% free, 24MB/30MB, paused 1.137ms total 198.833ms
08-06 10:51:31.616  9581  9581 V ActivityScenario: Activity lifecycle changed event received but ignored because the intent does not match. startActivityIntent=Intent { act=android.intent.action.MAIN cat=[android.intent.category.LAUNCHER] cmp=com.cpen321.gruwup/.LogInActivity }, activity.getIntent()=Intent { act=com.google.android.gms.auth.GOOGLE_SIGN_IN flg=0x800000 pkg=com.cpen321.gruwup cmp=com.cpen321.gruwup/com.google.android.gms.auth.api.signin.internal.SignInHubActivity (has extras) }, activity=com.google.android.gms.auth.api.signin.internal.SignInHubActivity@f3f5a8c
08-06 10:51:31.635  9581  9581 D LifecycleMonitor: Lifecycle status change: com.google.android.gms.auth.api.signin.internal.SignInHubActivity@f3f5a8c in: PAUSED
08-06 10:51:31.636  9581  9581 V ActivityScenario: Activity lifecycle changed event received but ignored because the intent does not match. startActivityIntent=Intent { act=android.intent.action.MAIN cat=[android.intent.category.LAUNCHER] cmp=com.cpen321.gruwup/.LogInActivity }, activity.getIntent()=Intent { act=com.google.android.gms.auth.GOOGLE_SIGN_IN flg=0x800000 pkg=com.cpen321.gruwup cmp=com.cpen321.gruwup/com.google.android.gms.auth.api.signin.internal.SignInHubActivity (has extras) }, activity=com.google.android.gms.auth.api.signin.internal.SignInHubActivity@f3f5a8c
08-06 10:51:31.637  2080  3228 W InputReader: Device has associated, but no associated display id.
08-06 10:51:31.638  2080  3228 I chatty  : uid=1000(system) Binder:2080_13 identical 25 lines
08-06 10:51:31.638  2080  3228 W InputReader: Device has associated, but no associated display id.
08-06 10:51:31.639  8215  8215 W ActivityThread: handleWindowVisibility: no activity for token android.os.BinderProxy@5f3babe
08-06 10:51:31.639  2080  3228 W InputReader: Device has associated, but no associated display id.
08-06 10:51:31.641  2080  3228 I chatty  : uid=1000(system) Binder:2080_13 identical 11 lines
08-06 10:51:31.641  2080  3228 W InputReader: Device has associated, but no associated display id.
08-06 10:51:31.670  1793 19155 D gralloc_ranchu: gralloc_alloc: Creating ashmem region of size 9334784
08-06 10:51:31.690  1793 19155 I chatty  : uid=1000(system) HwBinder:1793_3 identical 1 line
08-06 10:51:31.692  1793 19155 D gralloc_ranchu: gralloc_alloc: Creating ashmem region of size 9334784
08-06 10:51:31.693  9581  9651 D EGL_emulation: eglMakeCurrent: 0x7f797d8f3400: ver 2 0 (tinfo 0x7f7a58dc9f40)
08-06 10:51:31.717  9581  9651 D EGL_emulation: eglMakeCurrent: 0x7f797d8f3400: ver 2 0 (tinfo 0x7f7a58dc9f40)
08-06 10:51:31.734  1793 19155 D gralloc_ranchu: gralloc_alloc: Creating ashmem region of size 4096
08-06 10:51:31.740  9581  9651 D EGL_emulation: eglMakeCurrent: 0x7f797d8f3400: ver 2 0 (tinfo 0x7f7a58dc9f40)
08-06 10:51:31.747  1793 19155 D gralloc_ranchu: gralloc_alloc: Creating ashmem region of size 4096
08-06 10:51:31.749  1793 19155 D gralloc_ranchu: gralloc_alloc: Creating ashmem region of size 4096
08-06 10:51:31.752  2080  2104 W InputReader: Device has associated, but no associated display id.
08-06 10:51:31.754  2080  2104 I chatty  : uid=1000(system) android.anim identical 18 lines
08-06 10:51:31.754  2080  2104 W InputReader: Device has associated, but no associated display id.
08-06 10:51:31.770  2080  2108 I ActivityTaskManager: Displayed com.google.android.gms/.auth.api.signin.ui.SignInActivity: +139ms
08-06 10:51:31.789  9581  9658 D RESPONSE_TIME : SIGN IN: 496 millis
08-06 10:51:31.789  9581  9658 D LogInActivity: login successful
08-06 10:51:31.789  9581  9658 D LogInActivity: response body is {"userId":"114751855260324871974","userExists":true}
08-06 10:51:31.792  9581  9658 D LogInActivity: cookie is gruwup-session=a516fbea059dd93da9d2a7dc5007bd094f87040fa08ae001625729ed59136f88; Path=/
08-06 10:51:31.792  9581  9658 D LogInActivity: json Obj {"userId":"114751855260324871974","userExists":true}
08-06 10:51:31.792  9581  9658 D LogInActivity: User exits: true
08-06 10:51:31.793  9581  9658 D LogInActivity: User id114751855260324871974
08-06 10:51:31.813  2080  2462 W InputReader: Device has associated, but no associated display id.
08-06 10:51:31.817  2080  2462 I chatty  : uid=1000(system) Binder:2080_8 identical 68 lines
08-06 10:51:31.817  2080  2462 W InputReader: Device has associated, but no associated display id.
08-06 10:51:31.818  9581  9581 W ActivityThread: handleWindowVisibility: no activity for token android.os.BinderProxy@688caa8
08-06 10:51:31.828  9581  9581 D LifecycleMonitor: Lifecycle status change: com.cpen321.gruwup.MainActivity@ea20fd in: PRE_ON_CREATE
08-06 10:51:31.829  9581  9581 V ActivityScenario: Activity lifecycle changed event received but ignored because the intent does not match. startActivityIntent=Intent { act=android.intent.action.MAIN cat=[android.intent.category.LAUNCHER] cmp=com.cpen321.gruwup/.LogInActivity }, activity.getIntent()=Intent { cmp=com.cpen321.gruwup/.MainActivity (has extras) }, activity=com.cpen321.gruwup.MainActivity@ea20fd
08-06 10:51:31.948  9581  9581 D LifecycleMonitor: Lifecycle status change: com.cpen321.gruwup.MainActivity@ea20fd in: CREATED
08-06 10:51:31.949  9581  9581 V ActivityScenario: Activity lifecycle changed event received but ignored because the intent does not match. startActivityIntent=Intent { act=android.intent.action.MAIN cat=[android.intent.category.LAUNCHER] cmp=com.cpen321.gruwup/.LogInActivity }, activity.getIntent()=Intent { cmp=com.cpen321.gruwup/.MainActivity (has extras) }, activity=com.cpen321.gruwup.MainActivity@ea20fd
08-06 10:51:31.977  9581  9581 D SupportRequests: Get request from http://20.227.142.169:8081/user/adventure/114751855260324871974/discover
08-06 10:51:31.983  9581  9581 D LifecycleMonitor: Lifecycle status change: com.cpen321.gruwup.MainActivity@ea20fd in: STARTED
08-06 10:51:31.983  9581  9581 V ActivityScenario: Activity lifecycle changed event received but ignored because the intent does not match. startActivityIntent=Intent { act=android.intent.action.MAIN cat=[android.intent.category.LAUNCHER] cmp=com.cpen321.gruwup/.LogInActivity }, activity.getIntent()=Intent { cmp=com.cpen321.gruwup/.MainActivity (has extras) }, activity=com.cpen321.gruwup.MainActivity@ea20fd
08-06 10:51:31.984  9581  9581 D LifecycleMonitor: Lifecycle status change: com.cpen321.gruwup.MainActivity@ea20fd in: RESUMED
08-06 10:51:31.984  9581  9581 V ActivityScenario: Activity lifecycle changed event received but ignored because the intent does not match. startActivityIntent=Intent { act=android.intent.action.MAIN cat=[android.intent.category.LAUNCHER] cmp=com.cpen321.gruwup/.LogInActivity }, activity.getIntent()=Intent { cmp=com.cpen321.gruwup/.MainActivity (has extras) }, activity=com.cpen321.gruwup.MainActivity@ea20fd
08-06 10:51:31.999  9581  9581 I System.out: Service!!!
08-06 10:51:32.042  1793 19155 D gralloc_ranchu: gralloc_alloc: Creating ashmem region of size 9334784
08-06 10:51:32.048  1793 19155 I chatty  : uid=1000(system) HwBinder:1793_3 identical 1 line
08-06 10:51:32.050  1793 19155 D gralloc_ranchu: gralloc_alloc: Creating ashmem region of size 9334784
08-06 10:51:32.067  9581  9651 D EGL_emulation: eglMakeCurrent: 0x7f797d8f3400: ver 2 0 (tinfo 0x7f7a58dc9f40)
08-06 10:51:32.084  2080  2104 W InputReader: Device has associated, but no associated display id.
08-06 10:51:32.092  2080  2104 I chatty  : uid=1000(system) android.anim identical 38 lines
08-06 10:51:32.092  2080  2104 W InputReader: Device has associated, but no associated display id.
08-06 10:51:32.147  9581  9581 D LifecycleMonitor: Lifecycle status change: com.cpen321.gruwup.LogInActivity@c581e22 in: STOPPED
08-06 10:51:32.147  9581  9581 V ActivityScenario: Update currentActivityStage to STOPPED, currentActivity=com.cpen321.gruwup.LogInActivity@c581e22
08-06 10:51:32.149  9581  9581 D LifecycleMonitor: Lifecycle status change: com.google.android.gms.auth.api.signin.internal.SignInHubActivity@f3f5a8c in: STOPPED
08-06 10:51:32.153  9581  9581 V ActivityScenario: Activity lifecycle changed event received but ignored because the intent does not match. startActivityIntent=Intent { act=android.intent.action.MAIN cat=[android.intent.category.LAUNCHER] cmp=com.cpen321.gruwup/.LogInActivity }, activity.getIntent()=Intent { act=com.google.android.gms.auth.GOOGLE_SIGN_IN flg=0x800000 pkg=com.cpen321.gruwup cmp=com.cpen321.gruwup/com.google.android.gms.auth.api.signin.internal.SignInHubActivity (has extras) }, activity=com.google.android.gms.auth.api.signin.internal.SignInHubActivity@f3f5a8c
08-06 10:51:32.263  9581  9581 I ViewInteraction: Checking 'MatchesViewAssertion{viewMatcher=(view has effective visibility <VISIBLE> and view.getGlobalVisibleRect() to return non-empty rectangle)}' assertion on view an instance of android.widget.TextView and view.getText() with or without transformation to match: is "Choose and Create Adventures!"
08-06 10:51:32.425  1792  2361 E GnssHAL_GnssInterface: gnssSvStatusCb: a: input svInfo.flags is 8
08-06 10:51:32.425  1792  2361 E GnssHAL_GnssInterface: gnssSvStatusCb: b: input svInfo.flags is 8
08-06 10:51:32.997  9581  9733 D SocketService: true
08-06 10:51:32.997  9581  9733 D SocketService: ===>connected to socket
08-06 10:51:33.425  1792  2361 E GnssHAL_GnssInterface: gnssSvStatusCb: a: input svInfo.flags is 8
08-06 10:51:33.425  1792  2361 E GnssHAL_GnssInterface: gnssSvStatusCb: b: input svInfo.flags is 8
08-06 10:51:34.426  1792  2361 E GnssHAL_GnssInterface: gnssSvStatusCb: a: input svInfo.flags is 8
08-06 10:51:34.426  1792  2361 E GnssHAL_GnssInterface: gnssSvStatusCb: b: input svInfo.flags is 8
08-06 10:51:34.691  1781  1911 W audio_hw_generic: Not supplying enough data to HAL, expected position 17208146 , only wrote 17071647
08-06 10:51:34.770  9581  9581 I ViewInteraction: Checking 'MatchesViewAssertion{viewMatcher=(view has effective visibility <VISIBLE> and view.getGlobalVisibleRect() to return non-empty rectangle)}' assertion on view view.getId() is <2131362003/com.cpen321.gruwup:id/discoveredAdventures>
08-06 10:51:34.774  9581  9581 I ViewInteraction: Performing 'single click' action on view (view.getId() is <2131361875/com.cpen321.gruwup:id/adventure_card> and Child at position 0 in parent Child at position 0 in parent view.getId() is <2131362003/com.cpen321.gruwup:id/discoveredAdventures> and (view has effective visibility <VISIBLE> and view.getGlobalVisibleRect() to return non-empty rectangle))
08-06 10:51:34.819  9581  9581 D DiscAdvViewAdapter: Clicked Adventure Card
08-06 10:51:34.825  1781  5610 W audio_hw_generic: Not supplying enough data to HAL, expected position 17071659 , only wrote 17071647
08-06 10:51:34.866  1793 19155 D gralloc_ranchu: gralloc_alloc: Creating ashmem region of size 10035200
08-06 10:51:34.877  1793 19155 I chatty  : uid=1000(system) HwBinder:1793_3 identical 1 line
08-06 10:51:34.878  1793 19155 D gralloc_ranchu: gralloc_alloc: Creating ashmem region of size 10035200
08-06 10:51:34.881  9581  9651 D EGL_emulation: eglMakeCurrent: 0x7f797d8f3400: ver 2 0 (tinfo 0x7f7a58dc9f40)
08-06 10:51:34.918  9581  9651 D EGL_emulation: eglMakeCurrent: 0x7f797d8f3400: ver 2 0 (tinfo 0x7f7a58dc9f40)
08-06 10:51:35.144  9581  9581 I ViewInteraction: Checking 'MatchesViewAssertion{viewMatcher=(view has effective visibility <VISIBLE> and view.getGlobalVisibleRect() to return non-empty rectangle)}' assertion on view view.getId() is <2131362250/com.cpen321.gruwup:id/request_join_adventure>
08-06 10:51:35.149  9581  9581 I ViewInteraction: Performing 'single click' action on view view.getId() is <2131362250/com.cpen321.gruwup:id/request_join_adventure>
08-06 10:51:35.161  9581  9651 D EGL_emulation: eglMakeCurrent: 0x7f797d8f3400: ver 2 0 (tinfo 0x7f7a58dc9f40)
08-06 10:51:35.197  9581  9651 D EGL_emulation: eglMakeCurrent: 0x7f797d8f3400: ver 2 0 (tinfo 0x7f7a58dc9f40)
08-06 10:51:35.219  2080  3228 E InputDispatcher: Window handle Window{a8bd874 u0 com.cpen321.gruwup/com.cpen321.gruwup.MainActivity} has no registered input channel
08-06 10:51:35.224  9581  9651 D EGL_emulation: eglMakeCurrent: 0x7f797d8f3400: ver 2 0 (tinfo 0x7f7a58dc9f40)
08-06 10:51:35.426  1792  2361 E GnssHAL_GnssInterface: gnssSvStatusCb: a: input svInfo.flags is 8
08-06 10:51:35.426  1792  2361 E GnssHAL_GnssInterface: gnssSvStatusCb: b: input svInfo.flags is 8
08-06 10:51:35.467  9581  9581 I ViewInteraction: Checking 'MatchesViewAssertion{viewMatcher=(view has effective visibility <VISIBLE> and view.getGlobalVisibleRect() to return non-empty rectangle)}' assertion on view view.getId() is <2131362250/com.cpen321.gruwup:id/request_join_adventure>
08-06 10:51:35.467  9581  9581 D takeScreenshot: Found 3 global views to redraw
08-06 10:51:35.575  9581  9734 D RESPONSE_TIME : SEND REQUEST: 382 millis
08-06 10:51:35.577  9581  9734 D DiscAdvViewAdapter: Response: Request sent
08-06 10:51:36.426  1792  2361 E GnssHAL_GnssInterface: gnssSvStatusCb: a: input svInfo.flags is 8
08-06 10:51:36.426  1792  2361 E GnssHAL_GnssInterface: gnssSvStatusCb: b: input svInfo.flags is 8
08-06 10:51:37.426  1792  2361 E GnssHAL_GnssInterface: gnssSvStatusCb: a: input svInfo.flags is 8
08-06 10:51:37.426  1792  2361 E GnssHAL_GnssInterface: gnssSvStatusCb: b: input svInfo.flags is 8
08-06 10:51:38.095  3094  3094 E A       : (REDACTED) disposing SearchServiceClient after timeout %s
08-06 10:51:38.364  1781  1911 W audio_hw_generic: Not supplying enough data to HAL, expected position 17381989 , only wrote 17227643
08-06 10:51:38.427  1792  2361 E GnssHAL_GnssInterface: gnssSvStatusCb: a: input svInfo.flags is 8
08-06 10:51:38.427  1792  2361 E GnssHAL_GnssInterface: gnssSvStatusCb: b: input svInfo.flags is 8
08-06 10:51:39.428  1792  2361 E GnssHAL_GnssInterface: gnssSvStatusCb: a: input svInfo.flags is 8
08-06 10:51:39.428  1792  2361 E GnssHAL_GnssInterface: gnssSvStatusCb: b: input svInfo.flags is 8
08-06 10:51:40.428  1792  2361 E GnssHAL_GnssInterface: gnssSvStatusCb: a: input svInfo.flags is 8
08-06 10:51:40.428  1792  2361 E GnssHAL_GnssInterface: gnssSvStatusCb: b: input svInfo.flags is 8
08-06 10:51:40.469  9581  9615 W takeScreenshot: force redraw failed. Proceeding with screenshot
08-06 10:51:40.469  9581  9615 W takeScreenshot: java.util.concurrent.TimeoutException: Waited 5 seconds (plus 826600 nanoseconds delay) for androidx.concurrent.futures.ResolvableFuture@5b8205f[status=PENDING, info=[setFuture=[androidx.test.core.app.ListFuture@1bceaac]]]
08-06 10:51:40.469  9581  9615 W takeScreenshot: 	at androidx.concurrent.futures.AbstractResolvableFuture.get(AbstractResolvableFuture.java:456)
08-06 10:51:40.469  9581  9615 W takeScreenshot: 	at androidx.test.core.app.DeviceCapture.takeScreenshotNoSync(DeviceCapture.kt:106)
08-06 10:51:40.469  9581  9615 W takeScreenshot: 	at androidx.test.espresso.base.DefaultFailureHandler.takeScreenshot(DefaultFailureHandler.java:3)
08-06 10:51:40.469  9581  9615 W takeScreenshot: 	at androidx.test.espresso.base.DefaultFailureHandler.handle(DefaultFailureHandler.java:3)
08-06 10:51:40.469  9581  9615 W takeScreenshot: 	at androidx.test.espresso.ViewInteraction.waitForAndHandleInteractionResults(ViewInteraction.java:8)
08-06 10:51:40.469  9581  9615 W takeScreenshot: 	at androidx.test.espresso.ViewInteraction.check(ViewInteraction.java:12)
08-06 10:51:40.469  9581  9615 W takeScreenshot: 	at com.cpen321.gruwup.RequestTest.requestFromDiscover(RequestTest.java:110)
08-06 10:51:40.469  9581  9615 W takeScreenshot: 	at java.lang.reflect.Method.invoke(Native Method)
08-06 10:51:40.469  9581  9615 W takeScreenshot: 	at org.junit.runners.model.FrameworkMethod$1.runReflectiveCall(FrameworkMethod.java:59)
08-06 10:51:40.469  9581  9615 W takeScreenshot: 	at org.junit.internal.runners.model.ReflectiveCallable.run(ReflectiveCallable.java:12)
08-06 10:51:40.469  9581  9615 W takeScreenshot: 	at org.junit.runners.model.FrameworkMethod.invokeExplosively(FrameworkMethod.java:56)
08-06 10:51:40.469  9581  9615 W takeScreenshot: 	at org.junit.internal.runners.statements.InvokeMethod.evaluate(InvokeMethod.java:17)
08-06 10:51:40.469  9581  9615 W takeScreenshot: 	at org.junit.rules.ExternalResource$1.evaluate(ExternalResource.java:54)
08-06 10:51:40.469  9581  9615 W takeScreenshot: 	at org.junit.runners.ParentRunner$3.evaluate(ParentRunner.java:306)
08-06 10:51:40.469  9581  9615 W takeScreenshot: 	at org.junit.runners.BlockJUnit4ClassRunner$1.evaluate(BlockJUnit4ClassRunner.java:100)
08-06 10:51:40.469  9581  9615 W takeScreenshot: 	at org.junit.runners.ParentRunner.runLeaf(ParentRunner.java:366)
08-06 10:51:40.469  9581  9615 W takeScreenshot: 	at org.junit.runners.BlockJUnit4ClassRunner.runChild(BlockJUnit4ClassRunner.java:103)
08-06 10:51:40.469  9581  9615 W takeScreenshot: 	at org.junit.runners.BlockJUnit4ClassRunner.runChild(BlockJUnit4ClassRunner.java:63)
08-06 10:51:40.469  9581  9615 W takeScreenshot: 	at org.junit.runners.ParentRunner$4.run(ParentRunner.java:331)
08-06 10:51:40.469  9581  9615 W takeScreenshot: 	at org.junit.runners.ParentRunner$1.schedule(ParentRunner.java:79)
08-06 10:51:40.469  9581  9615 W takeScreenshot: 	at org.junit.runners.ParentRunner.runChildren(ParentRunner.java:329)
08-06 10:51:40.469  9581  9615 W takeScreenshot: 	at org.junit.runners.ParentRunner.access$100(ParentRunner.java:66)
08-06 10:51:40.469  9581  9615 W takeScreenshot: 	at org.junit.runners.ParentRunner$2.evaluate(ParentRunner.java:293)
08-06 10:51:40.469  9581  9615 W takeScreenshot: 	at org.junit.runners.ParentRunner$3.evaluate(ParentRunner.java:306)
08-06 10:51:40.469  9581  9615 W takeScreenshot: 	at org.junit.runners.ParentRunner.run(ParentRunner.java:413)
08-06 10:51:40.469  9581  9615 W takeScreenshot: 	at androidx.test.ext.junit.runners.AndroidJUnit4.run(AndroidJUnit4.java:162)
08-06 10:51:40.469  9581  9615 W takeScreenshot: 	at org.junit.runners.Suite.runChild(Suite.java:128)
08-06 10:51:40.469  9581  9615 W takeScreenshot: 	at org.junit.runners.Suite.runChild(Suite.java:27)
08-06 10:51:40.469  9581  9615 W takeScreenshot: 	at org.junit.runners.ParentRunner$4.run(ParentRunner.java:331)
08-06 10:51:40.469  9581  9615 W takeScreenshot: 	at org.junit.runners.ParentRunner$1.schedule(ParentRunner.java:79)
08-06 10:51:40.469  9581  9615 W takeScreenshot: 	at org.junit.runners.ParentRunner.runChildren(ParentRunner.java:329)
08-06 10:51:40.469  9581  9615 W takeScreenshot: 	at org.junit.runners.ParentRunner.access$100(ParentRunner.java:66)
08-06 10:51:40.469  9581  9615 W takeScreenshot: 	at org.junit.runners.ParentRunner$2.evaluate(ParentRunner.java:293)
08-06 10:51:40.469  9581  9615 W takeScreenshot: 	at org.junit.runners.ParentRunner$3.evaluate(ParentRunner.java:306)
08-06 10:51:40.469  9581  9615 W takeScreenshot: 	at org.junit.runners.ParentRunner.run(ParentRunner.java:413)
08-06 10:51:40.469  9581  9615 W takeScreenshot: 	at org.junit.runner.JUnitCore.run(JUnitCore.java:137)
08-06 10:51:40.469  9581  9615 W takeScreenshot: 	at org.junit.runner.JUnitCore.run(JUnitCore.java:115)
08-06 10:51:40.469  9581  9615 W takeScreenshot: 	at androidx.test.internal.runner.TestExecutor.execute(TestExecutor.java:67)
08-06 10:51:40.469  9581  9615 W takeScreenshot: 	at androidx.test.internal.runner.TestExecutor.execute(TestExecutor.java:58)
08-06 10:51:40.469  9581  9615 W takeScreenshot: 	at androidx.test.runner.AndroidJUnitRunner.onStart(AndroidJUnitRunner.java:438)
08-06 10:51:40.469  9581  9615 W takeScreenshot: 	at android.app.Instrumentation$InstrumentationThread.run(Instrumentation.java:2189)
08-06 10:51:40.476  1793 19155 D gralloc_ranchu: gralloc_alloc: Creating ashmem region of size 9334784
08-06 10:51:40.499  9581  9615 W DefaultFailureHandler: Failed to take screenshot
08-06 10:51:40.499  9581  9615 W DefaultFailureHandler: java.io.FileNotFoundException: view-op-error-2.png: open failed: EROFS (Read-only file system)
08-06 10:51:40.499  9581  9615 W DefaultFailureHandler: 	at libcore.io.IoBridge.open(IoBridge.java:496)
08-06 10:51:40.499  9581  9615 W DefaultFailureHandler: 	at java.io.FileOutputStream.<init>(FileOutputStream.java:235)
08-06 10:51:40.499  9581  9615 W DefaultFailureHandler: 	at java.io.FileOutputStream.<init>(FileOutputStream.java:125)
08-06 10:51:40.499  9581  9615 W DefaultFailureHandler: 	at androidx.test.platform.io.FileTestStorage.openOutputFile(FileTestStorage.java:60)
08-06 10:51:40.499  9581  9615 W DefaultFailureHandler: 	at androidx.test.core.graphics.BitmapStorage.writeToTestStorage(BitmapStorageExt.kt:49)
08-06 10:51:40.499  9581  9615 W DefaultFailureHandler: 	at androidx.test.espresso.base.DefaultFailureHandler.takeScreenshot(DefaultFailureHandler.java:4)
08-06 10:51:40.499  9581  9615 W DefaultFailureHandler: 	at androidx.test.espresso.base.DefaultFailureHandler.handle(DefaultFailureHandler.java:3)
08-06 10:51:40.499  9581  9615 W DefaultFailureHandler: 	at androidx.test.espresso.ViewInteraction.waitForAndHandleInteractionResults(ViewInteraction.java:8)
08-06 10:51:40.499  9581  9615 W DefaultFailureHandler: 	at androidx.test.espresso.ViewInteraction.check(ViewInteraction.java:12)
08-06 10:51:40.499  9581  9615 W DefaultFailureHandler: 	at com.cpen321.gruwup.RequestTest.requestFromDiscover(RequestTest.java:110)
08-06 10:51:40.499  9581  9615 W DefaultFailureHandler: 	at java.lang.reflect.Method.invoke(Native Method)
08-06 10:51:40.499  9581  9615 W DefaultFailureHandler: 	at org.junit.runners.model.FrameworkMethod$1.runReflectiveCall(FrameworkMethod.java:59)
08-06 10:51:40.499  9581  9615 W DefaultFailureHandler: 	at org.junit.internal.runners.model.ReflectiveCallable.run(ReflectiveCallable.java:12)
08-06 10:51:40.499  9581  9615 W DefaultFailureHandler: 	at org.junit.runners.model.FrameworkMethod.invokeExplosively(FrameworkMethod.java:56)
08-06 10:51:40.499  9581  9615 W DefaultFailureHandler: 	at org.junit.internal.runners.statements.InvokeMethod.evaluate(InvokeMethod.java:17)
08-06 10:51:40.499  9581  9615 W DefaultFailureHandler: 	at org.junit.rules.ExternalResource$1.evaluate(ExternalResource.java:54)
08-06 10:51:40.499  9581  9615 W DefaultFailureHandler: 	at org.junit.runners.ParentRunner$3.evaluate(ParentRunner.java:306)
08-06 10:51:40.499  9581  9615 W DefaultFailureHandler: 	at org.junit.runners.BlockJUnit4ClassRunner$1.evaluate(BlockJUnit4ClassRunner.java:100)
08-06 10:51:40.499  9581  9615 W DefaultFailureHandler: 	at org.junit.runners.ParentRunner.runLeaf(ParentRunner.java:366)
08-06 10:51:40.499  9581  9615 W DefaultFailureHandler: 	at org.junit.runners.BlockJUnit4ClassRunner.runChild(BlockJUnit4ClassRunner.java:103)
08-06 10:51:40.499  9581  9615 W DefaultFailureHandler: 	at org.junit.runners.BlockJUnit4ClassRunner.runChild(BlockJUnit4ClassRunner.java:63)
08-06 10:51:40.499  9581  9615 W DefaultFailureHandler: 	at org.junit.runners.ParentRunner$4.run(ParentRunner.java:331)
08-06 10:51:40.499  9581  9615 W DefaultFailureHandler: 	at org.junit.runners.ParentRunner$1.schedule(ParentRunner.java:79)
08-06 10:51:40.499  9581  9615 W DefaultFailureHandler: 	at org.junit.runners.ParentRunner.runChildren(ParentRunner.java:329)
08-06 10:51:40.499  9581  9615 W DefaultFailureHandler: 	at org.junit.runners.ParentRunner.access$100(ParentRunner.java:66)
08-06 10:51:40.499  9581  9615 W DefaultFailureHandler: 	at org.junit.runners.ParentRunner$2.evaluate(ParentRunner.java:293)
08-06 10:51:40.499  9581  9615 W DefaultFailureHandler: 	at org.junit.runners.ParentRunner$3.evaluate(ParentRunner.java:306)
08-06 10:51:40.499  9581  9615 W DefaultFailureHandler: 	at org.junit.runners.ParentRunner.run(ParentRunner.java:413)
08-06 10:51:40.499  9581  9615 W DefaultFailureHandler: 	at androidx.test.ext.junit.runners.AndroidJUnit4.run(AndroidJUnit4.java:162)
08-06 10:51:40.499  9581  9615 W DefaultFailureHandler: 	at org.junit.runners.Suite.runChild(Suite.java:128)
08-06 10:51:40.499  9581  9615 W DefaultFailureHandler: 	at org.junit.runners.Suite.runChild(Suite.java:27)
08-06 10:51:40.499  9581  9615 W DefaultFailureHandler: 	at org.junit.runners.ParentRunner$4.run(ParentRunner.java:331)
08-06 10:51:40.499  9581  9615 W DefaultFailureHandler: 	at org.junit.runners.ParentRunner$1.schedule(ParentRunner.java:79)
08-06 10:51:40.499  9581  9615 W DefaultFailureHandler: 	at org.junit.runners.ParentRunner.runChildren(ParentRunner.java:329)
08-06 10:51:40.499  9581  9615 W DefaultFailureHandler: 	at org.junit.runners.ParentRunner.access$100(ParentRunner.java:66)
08-06 10:51:40.499  9581  9615 W DefaultFailureHandler: 	at org.junit.runners.ParentRunner$2.evaluate(ParentRunner.java:293)
08-06 10:51:40.499  9581  9615 W DefaultFailureHandler: 	at org.junit.runners.ParentRunner$3.evaluate(ParentRunner.java:306)
08-06 10:51:40.499  9581  9615 W DefaultFailureHandler: 	at org.junit.runners.ParentRunner.run(ParentRunner.java:413)
08-06 10:51:40.499  9581  9615 W DefaultFailureHandler: 	at org.junit.runner.JUnitCore.run(JUnitCore.java:137)
08-06 10:51:40.499  9581  9615 W DefaultFailureHandler: 	at org.junit.runner.JUnitCore.run(JUnitCore.java:115)
08-06 10:51:40.499  9581  9615 W DefaultFailureHandler: 	at androidx.test.internal.runner.TestExecutor.execute(TestExecutor.java:67)
08-06 10:51:40.499  9581  9615 W DefaultFailureHandler: 	at androidx.test.internal.runner.TestExecutor.execute(TestExecutor.java:58)
08-06 10:51:40.499  9581  9615 W DefaultFailureHandler: 	at androidx.test.runner.AndroidJUnitRunner.onStart(AndroidJUnitRunner.java:438)
08-06 10:51:40.499  9581  9615 W DefaultFailureHandler: 	at android.app.Instrumentation$InstrumentationThread.run(Instrumentation.java:2189)
08-06 10:51:40.499  9581  9615 W DefaultFailureHandler: Caused by: android.system.ErrnoException: open failed: EROFS (Read-only file system)
08-06 10:51:40.499  9581  9615 W DefaultFailureHandler: 	at libcore.io.Linux.open(Native Method)
08-06 10:51:40.499  9581  9615 W DefaultFailureHandler: 	at libcore.io.ForwardingOs.open(ForwardingOs.java:167)
08-06 10:51:40.499  9581  9615 W DefaultFailureHandler: 	at libcore.io.BlockGuardOs.open(BlockGuardOs.java:252)
08-06 10:51:40.499  9581  9615 W DefaultFailureHandler: 	at libcore.io.ForwardingOs.open(ForwardingOs.java:167)
08-06 10:51:40.499  9581  9615 W DefaultFailureHandler: 	at android.app.ActivityThread$AndroidOs.open(ActivityThread.java:7255)
08-06 10:51:40.499  9581  9615 W DefaultFailureHandler: 	at libcore.io.IoBridge.open(IoBridge.java:482)
08-06 10:51:40.499  9581  9615 W DefaultFailureHandler: 	... 43 more
08-06 10:51:40.535  9581  9615 W ViewHierarchyExceptionHandler: Failed to save the view hierarchy to file view-hierarchy-2.txt
08-06 10:51:40.535  9581  9615 W ViewHierarchyExceptionHandler: java.io.FileNotFoundException: view-hierarchy-2.txt: open failed: EROFS (Read-only file system)
08-06 10:51:40.535  9581  9615 W ViewHierarchyExceptionHandler: 	at libcore.io.IoBridge.open(IoBridge.java:496)
08-06 10:51:40.535  9581  9615 W ViewHierarchyExceptionHandler: 	at java.io.FileOutputStream.<init>(FileOutputStream.java:235)
08-06 10:51:40.535  9581  9615 W ViewHierarchyExceptionHandler: 	at java.io.FileOutputStream.<init>(FileOutputStream.java:125)
08-06 10:51:40.535  9581  9615 W ViewHierarchyExceptionHandler: 	at androidx.test.platform.io.FileTestStorage.openOutputFile(FileTestStorage.java:60)
08-06 10:51:40.535  9581  9615 W ViewHierarchyExceptionHandler: 	at androidx.test.espresso.base.ViewHierarchyExceptionHandler.addOutputFile(ViewHierarchyExceptionHandler.java:1)
08-06 10:51:40.535  9581  9615 W ViewHierarchyExceptionHandler: 	at androidx.test.espresso.base.ViewHierarchyExceptionHandler.dumpFullViewHierarchyToFile(ViewHierarchyExceptionHandler.java:5)
08-06 10:51:40.535  9581  9615 W ViewHierarchyExceptionHandler: 	at androidx.test.espresso.base.ViewHierarchyExceptionHandler.handleSafely(ViewHierarchyExceptionHandler.java:2)
08-06 10:51:40.535  9581  9615 W ViewHierarchyExceptionHandler: 	at androidx.test.espresso.base.ViewHierarchyExceptionHandler.handleSafely(ViewHierarchyExceptionHandler.java:1)
08-06 10:51:40.535  9581  9615 W ViewHierarchyExceptionHandler: 	at androidx.test.espresso.base.DefaultFailureHandler$TypedFailureHandler.handle(DefaultFailureHandler.java:4)
08-06 10:51:40.535  9581  9615 W ViewHierarchyExceptionHandler: 	at androidx.test.espresso.base.DefaultFailureHandler.handle(DefaultFailureHandler.java:5)
08-06 10:51:40.535  9581  9615 W ViewHierarchyExceptionHandler: 	at androidx.test.espresso.ViewInteraction.waitForAndHandleInteractionResults(ViewInteraction.java:8)
08-06 10:51:40.535  9581  9615 W ViewHierarchyExceptionHandler: 	at androidx.test.espresso.ViewInteraction.check(ViewInteraction.java:12)
08-06 10:51:40.535  9581  9615 W ViewHierarchyExceptionHandler: 	at com.cpen321.gruwup.RequestTest.requestFromDiscover(RequestTest.java:110)
08-06 10:51:40.535  9581  9615 W ViewHierarchyExceptionHandler: 	at java.lang.reflect.Method.invoke(Native Method)
08-06 10:51:40.535  9581  9615 W ViewHierarchyExceptionHandler: 	at org.junit.runners.model.FrameworkMethod$1.runReflectiveCall(FrameworkMethod.java:59)
08-06 10:51:40.535  9581  9615 W ViewHierarchyExceptionHandler: 	at org.junit.internal.runners.model.ReflectiveCallable.run(ReflectiveCallable.java:12)
08-06 10:51:40.535  9581  9615 W ViewHierarchyExceptionHandler: 	at org.junit.runners.model.FrameworkMethod.invokeExplosively(FrameworkMethod.java:56)
08-06 10:51:40.535  9581  9615 W ViewHierarchyExceptionHandler: 	at org.junit.internal.runners.statements.InvokeMethod.evaluate(InvokeMethod.java:17)
08-06 10:51:40.535  9581  9615 W ViewHierarchyExceptionHandler: 	at org.junit.rules.ExternalResource$1.evaluate(ExternalResource.java:54)
08-06 10:51:40.535  9581  9615 W ViewHierarchyExceptionHandler: 	at org.junit.runners.ParentRunner$3.evaluate(ParentRunner.java:306)
08-06 10:51:40.535  9581  9615 W ViewHierarchyExceptionHandler: 	at org.junit.runners.BlockJUnit4ClassRunner$1.evaluate(BlockJUnit4ClassRunner.java:100)
08-06 10:51:40.535  9581  9615 W ViewHierarchyExceptionHandler: 	at org.junit.runners.ParentRunner.runLeaf(ParentRunner.java:366)
08-06 10:51:40.535  9581  9615 W ViewHierarchyExceptionHandler: 	at org.junit.runners.BlockJUnit4ClassRunner.runChild(BlockJUnit4ClassRunner.java:103)
08-06 10:51:40.535  9581  9615 W ViewHierarchyExceptionHandler: 	at org.junit.runners.BlockJUnit4ClassRunner.runChild(BlockJUnit4ClassRunner.java:63)
08-06 10:51:40.535  9581  9615 W ViewHierarchyExceptionHandler: 	at org.junit.runners.ParentRunner$4.run(ParentRunner.java:331)
08-06 10:51:40.535  9581  9615 W ViewHierarchyExceptionHandler: 	at org.junit.runners.ParentRunner$1.schedule(ParentRunner.java:79)
08-06 10:51:40.535  9581  9615 W ViewHierarchyExceptionHandler: 	at org.junit.runners.ParentRunner.runChildren(ParentRunner.java:329)
08-06 10:51:40.535  9581  9615 W ViewHierarchyExceptionHandler: 	at org.junit.runners.ParentRunner.access$100(ParentRunner.java:66)
08-06 10:51:40.535  9581  9615 W ViewHierarchyExceptionHandler: 	at org.junit.runners.ParentRunner$2.evaluate(ParentRunner.java:293)
08-06 10:51:40.535  9581  9615 W ViewHierarchyExceptionHandler: 	at org.junit.runners.ParentRunner$3.evaluate(ParentRunner.java:306)
08-06 10:51:40.535  9581  9615 W ViewHierarchyExceptionHandler: 	at org.junit.runners.ParentRunner.run(ParentRunner.java:413)
08-06 10:51:40.535  9581  9615 W ViewHierarchyExceptionHandler: 	at androidx.test.ext.junit.runners.AndroidJUnit4.run(AndroidJUnit4.java:162)
08-06 10:51:40.535  9581  9615 W ViewHierarchyExceptionHandler: 	at org.junit.runners.Suite.runChild(Suite.java:128)
08-06 10:51:40.535  9581  9615 W ViewHierarchyExceptionHandler: 	at org.junit.runners.Suite.runChild(Suite.java:27)
08-06 10:51:40.535  9581  9615 W ViewHierarchyExceptionHandler: 	at org.junit.runners.ParentRunner$4.run(ParentRunner.java:331)
08-06 10:51:40.535  9581  9615 W ViewHierarchyExceptionHandler: 	at org.junit.runners.ParentRunner$1.schedule(ParentRunner.java:79)
08-06 10:51:40.535  9581  9615 W ViewHierarchyExceptionHandler: 	at org.junit.runners.ParentRunner.runChildren(ParentRunner.java:329)
08-06 10:51:40.535  9581  9615 W ViewHierarchyExceptionHandler: 	at org.junit.runners.ParentRunner.access$100(ParentRunner.java:66)
08-06 10:51:40.535  9581  9615 W ViewHierarchyExceptionHandler: 	at org.junit.runners.ParentRunner$2.evaluate(ParentRunner.java:293)
08-06 10:51:40.535  9581  9615 W ViewHierarchyExceptionHandler: 	at org.junit.runners.ParentRunner$3.evaluate(ParentRunner.java:306)
08-06 10:51:40.535  9581  9615 W ViewHierarchyExceptionHandler: 	at org.junit.runners.ParentRunner.run(ParentRunner.java:413)
08-06 10:51:40.535  9581  9615 W ViewHierarchyExceptionHandler: 	at org.junit.runner.JUnitCore.run(JUnitCore.java:137)
08-06 10:51:40.535  9581  9615 W ViewHierarchyExceptionHandler: 	at org.junit.runner.JUnitCore.run(JUnitCore.java:115)
08-06 10:51:40.535  9581  9615 W ViewHierarchyExceptionHandler: 	at androidx.test.internal.runner.TestExecutor.execute(TestExecutor.java:67)
08-06 10:51:40.535  9581  9615 W ViewHierarchyExceptionHandler: 	at androidx.test.internal.runner.TestExecutor.execute(TestExecutor.java:58)
08-06 10:51:40.535  9581  9615 W ViewHierarchyExceptionHandler: 	at androidx.test.runner.AndroidJUnitRunner.onStart(AndroidJUnitRunner.java:438)
08-06 10:51:40.535  9581  9615 W ViewHierarchyExceptionHandler: 	at android.app.Instrumentation$InstrumentationThread.run(Instrumentation.java:2189)
08-06 10:51:40.535  9581  9615 W ViewHierarchyExceptionHandler: Caused by: android.system.ErrnoException: open failed: EROFS (Read-only file system)
08-06 10:51:40.535  9581  9615 W ViewHierarchyExceptionHandler: 	at libcore.io.Linux.open(Native Method)
08-06 10:51:40.535  9581  9615 W ViewHierarchyExceptionHandler: 	at libcore.io.ForwardingOs.open(ForwardingOs.java:167)
08-06 10:51:40.535  9581  9615 W ViewHierarchyExceptionHandler: 	at libcore.io.BlockGuardOs.open(BlockGuardOs.java:252)
08-06 10:51:40.535  9581  9615 W ViewHierarchyExceptionHandler: 	at libcore.io.ForwardingOs.open(ForwardingOs.java:167)
08-06 10:51:40.535  9581  9615 W ViewHierarchyExceptionHandler: 	at android.app.ActivityThread$AndroidOs.open(ActivityThread.java:7255)
08-06 10:51:40.535  9581  9615 W ViewHierarchyExceptionHandler: 	at libcore.io.IoBridge.open(IoBridge.java:482)
08-06 10:51:40.535  9581  9615 W ViewHierarchyExceptionHandler: 	... 46 more
08-06 10:51:40.535  9581  9615 W FileTestStorage: Test input args is not supported.
08-06 10:51:40.577  9581  9581 D LifecycleMonitor: Lifecycle status change: com.cpen321.gruwup.MainActivity@ea20fd in: PAUSED
08-06 10:51:40.578  9581  9581 V ActivityScenario: Activity lifecycle changed event received but ignored because the intent does not match. startActivityIntent=Intent { act=android.intent.action.MAIN cat=[android.intent.category.LAUNCHER] cmp=com.cpen321.gruwup/.LogInActivity }, activity.getIntent()=Intent { cmp=com.cpen321.gruwup/.MainActivity (has extras) }, activity=com.cpen321.gruwup.MainActivity@ea20fd
08-06 10:51:40.578  2080  5038 W InputReader: Device has associated, but no associated display id.
08-06 10:51:40.580  2080  5038 I chatty  : uid=1000(system) Binder:2080_18 identical 38 lines
08-06 10:51:40.580  2080  5038 W InputReader: Device has associated, but no associated display id.
08-06 10:51:40.580  9617  9617 W ActivityThread: handleWindowVisibility: no activity for token android.os.BinderProxy@9da88d7
08-06 10:51:40.581  2080  5038 W InputReader: Device has associated, but no associated display id.
08-06 10:51:40.581  2080  5038 I chatty  : uid=1000(system) Binder:2080_18 identical 8 lines
08-06 10:51:40.581  2080  5038 W InputReader: Device has associated, but no associated display id.
08-06 10:51:40.620  1793 19155 D gralloc_ranchu: gralloc_alloc: Creating ashmem region of size 9334784
08-06 10:51:40.627  9581  9581 D LifecycleMonitor: Lifecycle status change: com.cpen321.gruwup.LogInActivity@c581e22 in: DESTROYED
08-06 10:51:40.627  9581  9581 V ActivityScenario: Update currentActivityStage to DESTROYED, currentActivity=null
08-06 10:51:40.631  1793 19155 D gralloc_ranchu: gralloc_alloc: Creating ashmem region of size 9334784
08-06 10:51:40.635  9617  9648 D EGL_emulation: eglMakeCurrent: 0x7f79c7900e40: ver 2 0 (tinfo 0x7f79c77d9700)
08-06 10:51:40.638  1793 19155 D gralloc_ranchu: gralloc_alloc: Creating ashmem region of size 9334784
08-06 10:51:40.654  2080  2108 E memtrack: Couldn't load memtrack module
08-06 10:51:40.655  2080  2108 W android.os.Debug: failed to get memory consumption info: -1
08-06 10:51:40.659  2080  2462 W InputReader: Device has associated, but no associated display id.
08-06 10:51:40.661  2080  2462 I chatty  : uid=1000(system) Binder:2080_8 identical 48 lines
08-06 10:51:40.661  2080  2462 W InputReader: Device has associated, but no associated display id.
08-06 10:51:40.667  9617  9617 W ActivityThread: handleWindowVisibility: no activity for token android.os.BinderProxy@9e32b06
08-06 10:51:40.689  9581  9615 I TestRunner: finished: requestFromDiscover(com.cpen321.gruwup.RequestTest)
